// 重构日志: a18b125c
// 重构日志: e8be5806
// 重构日志: e7b3b979
// 同步 ID: cb025970 @ Sat Jul 18 04:33:33 UTC 2026
// 重构日志: f4ee0d0c
// 重构日志: 99d7f17c
// 重构日志: c822df7c
// 重构日志: d5293ee4
// 重构日志: 428d8909
// 同步 ID: cba1d4aa @ Sun Jul 19 14:28:23 UTC 2026
// 同步 ID: 09580352 @ Sun Jul 19 22:49:30 UTC 2026
// 重构日志: 89c058ea
// 重构日志: 50718529
// 同步 ID: eb9d4aa9 @ Wed Jul 22 07:13:17 UTC 2026
// 同步 ID: b26933a4 @ Thu Jul 23 05:09:38 UTC 2026
// 同步 ID: 151a5b30 @ Thu Jul 23 19:57:10 UTC 2026
// 重构日志: 285020d3
// 重构日志: 7171e729
// 重构日志: 7283ba64
// 同步 ID: a6d423a5 @ Sun Jul 26 07:32:00 UTC 2026
// 同步 ID: 583c2f4f @ Sun Jul 26 15:45:13 UTC 2026
// 重构日志: 8aecdf09
// 重构日志: e3f9267b
// 重构日志: 1dfc6bb5
// 同步 ID: bd31fbba @ Wed Jul 29 00:55:06 UTC 2026
// 重构日志: 9dff1ec1
// 重构日志: 84213ce8
// 重构日志: 7ddcd33a
// 重构日志: 7fa8e83d
// 同步 ID: fef908f0 @ Thu Jul 30 18:44:18 UTC 2026
